{
    "compilerInfo": {
        "binary": "VALUE_REMOVED_FOR_TEST",
        "supportsIncludeImports": true,
        "version": "VALUE_REMOVED_FOR_TEST"
    }
}