[
 {
  "kind" : "compilerInfo",
  "binary" : "VALUE_REMOVED_FOR_TEST",
  "version" : "VALUE_REMOVED_FOR_TEST",
  "supportsIncludeImports" : true
 },
 {
  "kind" : "buildInfo",
  "cwd" : "VALUE_REMOVED_FOR_TEST",
  "config" : "VALUE_REMOVED_FOR_TEST",
  "importPaths" : [
   "compilable",
   "../../druntime/import",
   "../../phobos"
  ]
 },
 {
  "name" : "json",
  "kind" : "module",
  "file" : "VALUE_REMOVED_FOR_TEST",
  "members" : [
   {
    "name" : "_staticCtor1",
    "kind" : "function",
    "line" : 8,
    "char" : 1,
    "storageClass" : [
     "static"
    ],
    "deco" : "VALUE_REMOVED_FOR_TEST",
    "endline" : 8,
    "endchar" : 16
   },
   {
    "name" : "_staticDtor2",
    "kind" : "function",
    "line" : 10,
    "char" : 1,
    "storageClass" : [
     "static"
    ],
    "deco" : "VALUE_REMOVED_FOR_TEST",
    "endline" : 10,
    "endchar" : 17
   },
   {
    "name" : "myInt",
    "kind" : "alias",
    "line" : 13,
    "char" : 11,
    "deco" : "VALUE_REMOVED_FOR_TEST"
   },
   {
    "name" : "x",
    "kind" : "variable",
    "line" : 14,
    "char" : 7,
    "deco" : "VALUE_REMOVED_FOR_TEST",
    "originalType" : "myInt"
   },
   {
    "kind" : "template",
    "line" : 16,
    "char" : 1,
    "name" : "Foo",
    "parameters" : [
     {
      "name" : "T",
      "kind" : "type"
     }
    ],
    "members" : [
     {
      "name" : "Foo",
      "kind" : "struct",
      "line" : 16,
      "char" : 1,
      "members" : [
       {
        "name" : "t",
        "kind" : "variable",
        "line" : 16,
        "char" : 19,
        "type" : "T"
       }
      ]
     }
    ]
   },
   {
    "kind" : "template",
    "line" : 17,
    "char" : 1,
    "name" : "Bar",
    "parameters" : [
     {
      "name" : "T",
      "kind" : "value",
      "deco" : "VALUE_REMOVED_FOR_TEST"
     }
    ],
    "members" : [
     {
      "name" : "Bar",
      "kind" : "class",
      "line" : 17,
      "char" : 1,
      "members" : [
       {
        "name" : "t",
        "kind" : "variable",
        "line" : 17,
        "char" : 25,
        "deco" : "VALUE_REMOVED_FOR_TEST",
        "init" : "T"
       }
      ]
     }
    ]
   },
   {
    "kind" : "template",
    "line" : 18,
    "char" : 1,
    "name" : "Baz",
    "parameters" : [
     {
      "name" : "T",
      "kind" : "tuple"
     }
    ],
    "members" : [
     {
      "name" : "Baz",
      "kind" : "interface",
      "line" : 18,
      "char" : 1,
      "members" : [
       {
        "name" : "t",
        "kind" : "function",
        "line" : 18,
        "char" : 28,
        "type" : "const T[0]()"
       }
      ]
     }
    ]
   },
   {
    "kind" : "template",
    "line" : 20,
    "char" : 1,
    "name" : "P",
    "parameters" : [
     {
      "name" : "T",
      "kind" : "alias"
     }
    ],
    "members" : []
   },
   {
    "name" : "Bar2",
    "kind" : "class",
    "line" : 22,
    "char" : 1,
    "base" : "json.Bar!1.Bar",
    "interfaces" : [
     "json.Baz!(int, 2, null).Baz"
    ],
    "members" : [
     {
      "name" : "this",
      "kind" : "constructor",
      "line" : 23,
      "char" : 5,
      "deco" : "VALUE_REMOVED_FOR_TEST",
      "originalType" : "()",
      "endline" : 23,
      "endchar" : 13
     },
     {
      "name" : "~this",
      "kind" : "destructor",
      "line" : 24,
      "char" : 5,
      "deco" : "VALUE_REMOVED_FOR_TEST",
      "endline" : 24,
      "endchar" : 14
     },
     {
      "name" : "foo",
      "kind" : "function",
      "line" : 26,
      "char" : 12,
      "storageClass" : [
       "static"
      ],
      "deco" : "VALUE_REMOVED_FOR_TEST",
      "originalType" : "()",
      "endline" : 26,
      "endchar" : 19
     },
     {
      "name" : "baz",
      "kind" : "function",
      "protection" : "protected",
      "line" : 27,
      "char" : 32,
      "storageClass" : [
       "abstract"
      ],
      "deco" : "VALUE_REMOVED_FOR_TEST"
     },
     {
      "name" : "t",
      "kind" : "function",
      "line" : 28,
      "char" : 18,
      "storageClass" : [
       "override"
      ],
      "deco" : "VALUE_REMOVED_FOR_TEST",
      "endline" : 28,
      "endchar" : 40,
      "overrides" : [
       "json.Baz!(int, 2, null).Baz.t"
      ]
     },
     {
      "name" : "__xdtor",
      "kind" : "alias"
     }
    ]
   },
   {
    "name" : "Bar3",
    "kind" : "class",
    "line" : 31,
    "char" : 1,
    "base" : "json.Bar2",
    "members" : [
     {
      "name" : "val",
      "kind" : "variable",
      "protection" : "private",
      "line" : 32,
      "char" : 17,
      "deco" : "VALUE_REMOVED_FOR_TEST",
      "offset" : 0
     },
     {
      "name" : "this",
      "kind" : "constructor",
      "line" : 33,
      "char" : 5,
      "deco" : "VALUE_REMOVED_FOR_TEST",
      "originalType" : "(int i)",
      "parameters" : [
       {
        "name" : "i",
        "deco" : "VALUE_REMOVED_FOR_TEST"
       }
      ],
      "endline" : 33,
      "endchar" : 28
     },
     {
      "name" : "baz",
      "kind" : "function",
      "protection" : "protected",
      "line" : 35,
      "char" : 32,
      "storageClass" : [
       "override"
      ],
      "deco" : "VALUE_REMOVED_FOR_TEST",
      "endline" : 35,
      "endchar" : 61,
      "overrides" : [
       "json.Bar2.baz"
      ]
     }
    ]
   },
   {
    "name" : "Foo2",
    "kind" : "struct",
    "line" : 38,
    "char" : 1,
    "members" : [
     {
      "name" : "bar2",
      "kind" : "variable",
      "line" : 39,
      "char" : 10,
      "deco" : "VALUE_REMOVED_FOR_TEST",
      "originalType" : "Bar2",
      "offset" : 0
     },
     {
      "name" : "U",
      "kind" : "union",
      "line" : 40,
      "char" : 5,
      "members" : [
       {
        "name" : "s",
        "kind" : "variable",
        "line" : 42,
        "char" : 19,
        "deco" : "VALUE_REMOVED_FOR_TEST",
        "offset" : 0
       },
       {
        "name" : "i",
        "kind" : "variable",
        "line" : 43,
        "char" : 17,
        "deco" : "VALUE_REMOVED_FOR_TEST",
        "offset" : 0
       },
       {
        "name" : "o",
        "kind" : "variable",
        "line" : 45,
        "char" : 16,
        "deco" : "VALUE_REMOVED_FOR_TEST",
        "originalType" : "Object",
        "offset" : 0
       }
      ]
     }
    ]
   },
   {
    "kind" : "template",
    "line" : 49,
    "char" : 1,
    "name" : "Foo3",
    "parameters" : [
     {
      "name" : "b",
      "kind" : "value",
      "deco" : "VALUE_REMOVED_FOR_TEST"
     }
    ],
    "members" : [
     {
      "name" : "Foo3",
      "kind" : "struct",
      "line" : 49,
      "char" : 1,
      "members" : [
       {
        "name" : "method1",
        "kind" : "function",
        "line" : 52,
        "char" : 14,
        "type" : "void()"
       },
       {
        "name" : "method2",
        "kind" : "function",
        "line" : 56,
        "char" : 14,
        "type" : "void()"
       },
       {
        "name" : "method4",
        "kind" : "function",
        "line" : 63,
        "char" : 10,
        "type" : "void()"
       }
      ]
     }
    ]
   },
   {
    "name" : "bar",
    "kind" : "function",
    "line" : 69,
    "char" : 16,
    "deco" : "VALUE_REMOVED_FOR_TEST",
    "originalType" : "@trusted myInt(ref uint blah, Bar2 foo = new Bar3(7))",
    "parameters" : [
     {
      "name" : "blah",
      "deco" : "VALUE_REMOVED_FOR_TEST",
      "storageClass" : [
       "ref"
      ]
     },
     {
      "name" : "foo",
      "deco" : "VALUE_REMOVED_FOR_TEST",
      "default" : "new Bar3(7)"
     }
    ],
    "endline" : 72,
    "endchar" : 1
   },
   {
    "name" : "outer",
    "kind" : "function",
    "line" : 74,
    "char" : 15,
    "deco" : "VALUE_REMOVED_FOR_TEST",
    "endline" : 91,
    "endchar" : 1
   },
   {
    "name" : "imports.jsonimport1",
    "kind" : "import",
    "line" : 94,
    "char" : 8,
    "protection" : "private",
    "selective" : [
     "target1",
     "target2"
    ]
   },
   {
    "name" : "imports.jsonimport2",
    "kind" : "import",
    "line" : 95,
    "char" : 8,
    "protection" : "private",
    "renamed" : {
     "alias1" : "target1",
     "alias2" : "target2"
    }
   },
   {
    "name" : "imports.jsonimport3",
    "kind" : "import",
    "line" : 96,
    "char" : 8,
    "protection" : "private",
    "renamed" : {
     "alias3" : "target1",
     "alias4" : "target2"
    },
    "selective" : [
     "target3"
    ]
   },
   {
    "name" : "imports.jsonimport4",
    "kind" : "import",
    "line" : 97,
    "char" : 8,
    "protection" : "private"
   },
   {
    "name" : "S",
    "kind" : "struct",
    "line" : 99,
    "char" : 1,
    "members" : [
     {
      "kind" : "template",
      "line" : 102,
      "char" : 5,
      "name" : "this",
      "parameters" : [
       {
        "name" : "T",
        "kind" : "type"
       }
      ],
      "members" : [
       {
        "name" : "this",
        "kind" : "constructor",
        "line" : 102,
        "char" : 5,
        "type" : "(T t)",
        "parameters" : [
         {
          "name" : "t",
          "type" : "T"
         }
        ],
        "endline" : 102,
        "endchar" : 20
       }
      ]
     }
    ]
   },
   {
    "kind" : "template",
    "protection" : "private",
    "line" : 106,
    "char" : 9,
    "name" : "S1_9755",
    "parameters" : [
     {
      "name" : "T",
      "kind" : "type"
     }
    ],
    "members" : [
     {
      "name" : "S1_9755",
      "kind" : "struct",
      "line" : 106,
      "char" : 9,
      "members" : []
     }
    ]
   },
   {
    "kind" : "template",
    "protection" : "package",
    "line" : 107,
    "char" : 9,
    "name" : "S2_9755",
    "parameters" : [
     {
      "name" : "T",
      "kind" : "type"
     }
    ],
    "members" : [
     {
      "name" : "S2_9755",
      "kind" : "struct",
      "line" : 107,
      "char" : 9,
      "members" : []
     }
    ]
   },
   {
    "name" : "C_9755",
    "kind" : "class",
    "line" : 109,
    "char" : 1,
    "members" : [
     {
      "kind" : "template",
      "protection" : "protected",
      "line" : 111,
      "char" : 22,
      "name" : "CI_9755",
      "parameters" : [
       {
        "name" : "T",
        "kind" : "type"
       }
      ],
      "members" : [
       {
        "name" : "CI_9755",
        "kind" : "class",
        "line" : 111,
        "char" : 22,
        "members" : []
       }
      ]
     }
    ]
   },
   {
    "name" : "c_10011",
    "kind" : "variable",
    "line" : 115,
    "char" : 14,
    "storageClass" : [
     "const"
    ],
    "deco" : "VALUE_REMOVED_FOR_TEST",
    "originalType" : "Object",
    "init" : "Object()"
   },
   {
    "name" : "Numbers",
    "kind" : "enum",
    "line" : 118,
    "char" : 1,
    "baseDeco" : "i",
    "members" : [
     {
      "name" : "unspecified1",
      "kind" : "enum member",
      "value" : "0",
      "line" : 120,
      "char" : 5
     },
     {
      "name" : "one",
      "kind" : "enum member",
      "value" : "2",
      "line" : 121,
      "char" : 5
     },
     {
      "name" : "two",
      "kind" : "enum member",
      "value" : "3",
      "line" : 122,
      "char" : 5
     },
     {
      "name" : "FILE_NOT_FOUND",
      "kind" : "enum member",
      "value" : "101",
      "line" : 123,
      "char" : 5
     },
     {
      "name" : "unspecified3",
      "kind" : "enum member",
      "value" : "102",
      "line" : 124,
      "char" : 5
     },
     {
      "name" : "unspecified4",
      "kind" : "enum member",
      "value" : "103",
      "line" : 125,
      "char" : 5
     },
     {
      "name" : "four",
      "kind" : "enum member",
      "value" : "4",
      "line" : 126,
      "char" : 5
     }
    ]
   },
   {
    "kind" : "template",
    "line" : 129,
    "char" : 1,
    "name" : "IncludeConstraint",
    "parameters" : [
     {
      "name" : "T",
      "kind" : "type"
     }
    ],
    "constraint" : "T == string",
    "members" : []
   },
   {
    "name" : "a0",
    "kind" : "variable",
    "file" : "VALUE_REMOVED_FOR_TEST",
    "line" : 133,
    "char" : 5,
    "deco" : "VALUE_REMOVED_FOR_TEST",
    "init" : "1"
   },
   {
    "name" : "a1",
    "kind" : "variable",
    "line" : 133,
    "char" : 5,
    "deco" : "VALUE_REMOVED_FOR_TEST",
    "init" : "1"
   },
   {
    "name" : "a2",
    "kind" : "variable",
    "line" : 133,
    "char" : 5,
    "deco" : "VALUE_REMOVED_FOR_TEST",
    "init" : "1"
   },
   {
    "kind" : "template",
    "file" : "VALUE_REMOVED_FOR_TEST",
    "line" : 136,
    "char" : 1,
    "name" : "Seq",
    "parameters" : [
     {
      "name" : "T",
      "kind" : "tuple"
     }
    ],
    "members" : [
     {
      "name" : "Seq",
      "kind" : "alias",
      "line" : 136,
      "char" : 1,
      "type" : "T"
     }
    ]
   },
   {},
   {
    "name" : "b0",
    "kind" : "alias",
    "file" : "VALUE_REMOVED_FOR_TEST",
    "line" : 140,
    "char" : 1
   },
   {},
   {
    "name" : "b1",
    "kind" : "alias",
    "line" : 140,
    "char" : 1
   },
   {},
   {
    "name" : "b2",
    "kind" : "alias",
    "line" : 140,
    "char" : 1
   },
   {
    "name" : "foo",
    "kind" : "function",
    "file" : "VALUE_REMOVED_FOR_TEST",
    "line" : 144,
    "char" : 9,
    "deco" : "VALUE_REMOVED_FOR_TEST",
    "parameters" : [
     {
      "name" : "a",
      "deco" : "VALUE_REMOVED_FOR_TEST",
      "storageClass" : [
       "ref",
       "return"
      ]
     }
    ],
    "endline" : 147,
    "endchar" : 1
   },
   {
    "name" : "foo",
    "kind" : "function",
    "line" : 149,
    "char" : 6,
    "deco" : "VALUE_REMOVED_FOR_TEST",
    "parameters" : [
     {
      "name" : "a",
      "deco" : "VALUE_REMOVED_FOR_TEST",
      "storageClass" : [
       "scope",
       "return"
      ]
     }
    ],
    "endline" : 152,
    "endchar" : 1
   },
   {
    "name" : "foo",
    "kind" : "function",
    "line" : 154,
    "char" : 10,
    "deco" : "VALUE_REMOVED_FOR_TEST",
    "parameters" : [
     {
      "name" : "a",
      "deco" : "VALUE_REMOVED_FOR_TEST",
      "storageClass" : [
       "scope",
       "ref",
       "return"
      ]
     }
    ],
    "endline" : 157,
    "endchar" : 1
   },
   {
    "name" : "SafeS",
    "kind" : "struct",
    "line" : 159,
    "char" : 1,
    "members" : [
     {
      "name" : "foo",
      "kind" : "function",
      "line" : 162,
      "char" : 15,
      "deco" : "VALUE_REMOVED_FOR_TEST",
      "endline" : 165,
      "endchar" : 5
     },
     {
      "name" : "foo2",
      "kind" : "function",
      "line" : 167,
      "char" : 11,
      "deco" : "VALUE_REMOVED_FOR_TEST",
      "endline" : 170,
      "endchar" : 5
     },
     {
      "name" : "foo3",
      "kind" : "function",
      "line" : 172,
      "char" : 15,
      "deco" : "VALUE_REMOVED_FOR_TEST",
      "endline" : 175,
      "endchar" : 5
     },
     {
      "name" : "p",
      "kind" : "variable",
      "line" : 177,
      "char" : 7,
      "storageClass" : [
       "@safe"
      ],
      "deco" : "VALUE_REMOVED_FOR_TEST",
      "offset" : 0
     }
    ]
   },
   {
    "name" : "vlinkageDefault",
    "kind" : "variable",
    "line" : 180,
    "char" : 12,
    "storageClass" : [
     "extern"
    ],
    "deco" : "VALUE_REMOVED_FOR_TEST"
   },
   {
    "name" : "vlinkageD",
    "kind" : "variable",
    "line" : 181,
    "char" : 15,
    "deco" : "VALUE_REMOVED_FOR_TEST"
   },
   {
    "name" : "vlinakgeC",
    "kind" : "variable",
    "line" : 182,
    "char" : 15,
    "linkage" : "c",
    "deco" : "VALUE_REMOVED_FOR_TEST"
   },
   {
    "name" : "vlinkageCpp",
    "kind" : "variable",
    "line" : 183,
    "char" : 27,
    "storageClass" : [
     "__gshared"
    ],
    "linkage" : "cpp",
    "deco" : "VALUE_REMOVED_FOR_TEST"
   },
   {
    "name" : "vlinkageWindows",
    "kind" : "variable",
    "line" : 184,
    "char" : 21,
    "linkage" : "windows",
    "deco" : "VALUE_REMOVED_FOR_TEST"
   },
   {
    "name" : "vlinkagePascal",
    "kind" : "variable",
    "line" : 185,
    "char" : 20,
    "linkage" : "pascal",
    "deco" : "VALUE_REMOVED_FOR_TEST"
   },
   {
    "name" : "vlinkageObjc",
    "kind" : "variable",
    "line" : 186,
    "char" : 25,
    "linkage" : "objc",
    "deco" : "VALUE_REMOVED_FOR_TEST"
   },
   {
    "name" : "flinkageDefault",
    "kind" : "function",
    "line" : 188,
    "char" : 12,
    "storageClass" : [
     "extern"
    ],
    "deco" : "VALUE_REMOVED_FOR_TEST"
   },
   {
    "name" : "flinkageD",
    "kind" : "function",
    "line" : 189,
    "char" : 15,
    "deco" : "VALUE_REMOVED_FOR_TEST"
   },
   {
    "name" : "linakgeC",
    "kind" : "function",
    "line" : 190,
    "char" : 15,
    "linkage" : "c",
    "deco" : "VALUE_REMOVED_FOR_TEST"
   },
   {
    "name" : "flinkageCpp",
    "kind" : "function",
    "line" : 191,
    "char" : 17,
    "linkage" : "cpp",
    "deco" : "VALUE_REMOVED_FOR_TEST"
   },
   {
    "name" : "flinkageWindows",
    "kind" : "function",
    "line" : 192,
    "char" : 21,
    "linkage" : "windows",
    "deco" : "VALUE_REMOVED_FOR_TEST"
   },
   {
    "name" : "flinkagePascal",
    "kind" : "function",
    "line" : 193,
    "char" : 20,
    "linkage" : "pascal",
    "deco" : "VALUE_REMOVED_FOR_TEST"
   },
   {
    "name" : "flinkageObjc",
    "kind" : "function",
    "line" : 194,
    "char" : 25,
    "linkage" : "objc",
    "deco" : "VALUE_REMOVED_FOR_TEST"
   }
  ]
 },
 {
  "kind" : "semantics",
  "modules" : [
   {
    "name" : "json",
    "file" : "compilable/json.d",
    "isRoot" : true
   },
   {
    "name" : "imports.jsonimport1",
    "file" : "compilable/imports/jsonimport1.d",
    "isRoot" : false
   },
   {
    "name" : "imports.jsonimport2",
    "file" : "compilable/imports/jsonimport2.d",
    "isRoot" : false
   },
   {
    "name" : "imports.jsonimport3",
    "file" : "compilable/imports/jsonimport3.d",
    "isRoot" : false
   },
   {
    "name" : "imports.jsonimport4",
    "file" : "compilable/imports/jsonimport4.d",
    "isRoot" : false
   }
  ]
 }
]